psql:: ERROR:  Invalid userid 1
psql:: ERROR:  Invalid userid 0
