create
yddb|1|0|f
Alice|2|1|f
yddb|1|0
Alice|2|1
update
yddb|1|0|f
Alice|2|1|f
Bob|3|1|f
yddb|1|0
Bob|3|1
delete
yddb|1|0|f
Alice|2|1|f
Bob|3|1|f
Bob|4|1|t
yddb|1|0
